###############################################################################
#
# IAR ELF Linker V7.10.1.6676/W32 for ARM                 10/Jun/2019  01:35:33
# Copyright 2007-2014 IAR Systems AB.
#
#    Output file  =  
#        D:\WAVESHARE_STM32_IAR_DEV\Open429I-C-Demo-Iar\Projects\BleutoothRemoteApplication\BleutoothRemoteApplication\EWARM\BleutoothRemoteApplication\Exe\BleutoothRemoteApplication.out
#    Map file     =  
#        D:\WAVESHARE_STM32_IAR_DEV\Open429I-C-Demo-Iar\Projects\BleutoothRemoteApplication\BleutoothRemoteApplication\EWARM\BleutoothRemoteApplication/List\BleutoothRemoteApplication.map
#    Command line =  
#        D:\WAVESHARE_STM32_IAR_DEV\Open429I-C-Demo-Iar\Projects\BleutoothRemoteApplication\BleutoothRemoteApplication\EWARM\BleutoothRemoteApplication\Obj\main.o
#        D:\WAVESHARE_STM32_IAR_DEV\Open429I-C-Demo-Iar\Projects\BleutoothRemoteApplication\BleutoothRemoteApplication\EWARM\BleutoothRemoteApplication\Obj\startup_stm32f429xx.o
#        D:\WAVESHARE_STM32_IAR_DEV\Open429I-C-Demo-Iar\Projects\BleutoothRemoteApplication\BleutoothRemoteApplication\EWARM\BleutoothRemoteApplication\Obj\stm32f4xx_hal.o
#        D:\WAVESHARE_STM32_IAR_DEV\Open429I-C-Demo-Iar\Projects\BleutoothRemoteApplication\BleutoothRemoteApplication\EWARM\BleutoothRemoteApplication\Obj\stm32f4xx_hal_cortex.o
#        D:\WAVESHARE_STM32_IAR_DEV\Open429I-C-Demo-Iar\Projects\BleutoothRemoteApplication\BleutoothRemoteApplication\EWARM\BleutoothRemoteApplication\Obj\stm32f4xx_hal_dma.o
#        D:\WAVESHARE_STM32_IAR_DEV\Open429I-C-Demo-Iar\Projects\BleutoothRemoteApplication\BleutoothRemoteApplication\EWARM\BleutoothRemoteApplication\Obj\stm32f4xx_hal_dma_ex.o
#        D:\WAVESHARE_STM32_IAR_DEV\Open429I-C-Demo-Iar\Projects\BleutoothRemoteApplication\BleutoothRemoteApplication\EWARM\BleutoothRemoteApplication\Obj\stm32f4xx_hal_flash.o
#        D:\WAVESHARE_STM32_IAR_DEV\Open429I-C-Demo-Iar\Projects\BleutoothRemoteApplication\BleutoothRemoteApplication\EWARM\BleutoothRemoteApplication\Obj\stm32f4xx_hal_flash_ex.o
#        D:\WAVESHARE_STM32_IAR_DEV\Open429I-C-Demo-Iar\Projects\BleutoothRemoteApplication\BleutoothRemoteApplication\EWARM\BleutoothRemoteApplication\Obj\stm32f4xx_hal_flash_ramfunc.o
#        D:\WAVESHARE_STM32_IAR_DEV\Open429I-C-Demo-Iar\Projects\BleutoothRemoteApplication\BleutoothRemoteApplication\EWARM\BleutoothRemoteApplication\Obj\stm32f4xx_hal_gpio.o
#        D:\WAVESHARE_STM32_IAR_DEV\Open429I-C-Demo-Iar\Projects\BleutoothRemoteApplication\BleutoothRemoteApplication\EWARM\BleutoothRemoteApplication\Obj\stm32f4xx_hal_msp.o
#        D:\WAVESHARE_STM32_IAR_DEV\Open429I-C-Demo-Iar\Projects\BleutoothRemoteApplication\BleutoothRemoteApplication\EWARM\BleutoothRemoteApplication\Obj\stm32f4xx_hal_pwr.o
#        D:\WAVESHARE_STM32_IAR_DEV\Open429I-C-Demo-Iar\Projects\BleutoothRemoteApplication\BleutoothRemoteApplication\EWARM\BleutoothRemoteApplication\Obj\stm32f4xx_hal_pwr_ex.o
#        D:\WAVESHARE_STM32_IAR_DEV\Open429I-C-Demo-Iar\Projects\BleutoothRemoteApplication\BleutoothRemoteApplication\EWARM\BleutoothRemoteApplication\Obj\stm32f4xx_hal_rcc.o
#        D:\WAVESHARE_STM32_IAR_DEV\Open429I-C-Demo-Iar\Projects\BleutoothRemoteApplication\BleutoothRemoteApplication\EWARM\BleutoothRemoteApplication\Obj\stm32f4xx_hal_rcc_ex.o
#        D:\WAVESHARE_STM32_IAR_DEV\Open429I-C-Demo-Iar\Projects\BleutoothRemoteApplication\BleutoothRemoteApplication\EWARM\BleutoothRemoteApplication\Obj\stm32f4xx_hal_tim.o
#        D:\WAVESHARE_STM32_IAR_DEV\Open429I-C-Demo-Iar\Projects\BleutoothRemoteApplication\BleutoothRemoteApplication\EWARM\BleutoothRemoteApplication\Obj\stm32f4xx_hal_tim_ex.o
#        D:\WAVESHARE_STM32_IAR_DEV\Open429I-C-Demo-Iar\Projects\BleutoothRemoteApplication\BleutoothRemoteApplication\EWARM\BleutoothRemoteApplication\Obj\stm32f4xx_hal_uart.o
#        D:\WAVESHARE_STM32_IAR_DEV\Open429I-C-Demo-Iar\Projects\BleutoothRemoteApplication\BleutoothRemoteApplication\EWARM\BleutoothRemoteApplication\Obj\stm32f4xx_it.o
#        D:\WAVESHARE_STM32_IAR_DEV\Open429I-C-Demo-Iar\Projects\BleutoothRemoteApplication\BleutoothRemoteApplication\EWARM\BleutoothRemoteApplication\Obj\system_stm32f4xx.o
#        --redirect _Printf=_PrintfFull --redirect _Scanf=_ScanfFull -o
#        D:\WAVESHARE_STM32_IAR_DEV\Open429I-C-Demo-Iar\Projects\BleutoothRemoteApplication\BleutoothRemoteApplication\EWARM\BleutoothRemoteApplication\Exe\BleutoothRemoteApplication.out
#        --map
#        D:\WAVESHARE_STM32_IAR_DEV\Open429I-C-Demo-Iar\Projects\BleutoothRemoteApplication\BleutoothRemoteApplication\EWARM\BleutoothRemoteApplication/List\BleutoothRemoteApplication.map
#        --config
#        D:\WAVESHARE_STM32_IAR_DEV\Open429I-C-Demo-Iar\Projects\BleutoothRemoteApplication\BleutoothRemoteApplication\EWARM/stm32f429xx_flash.icf
#        --semihosting --entry __iar_program_start --vfe
#
###############################################################################

*******************************************************************************
*** RUNTIME MODEL ATTRIBUTES
***

CppFlavor                     = *
__Heap_Handler                = Basic
__SystemLibrary               = DLib
__dlib_dynamic_initialization = normal


*******************************************************************************
*** PLACEMENT SUMMARY
***

"A1":  place at 0x08000000 { ro section .intvec };
"P1":  place in [from 0x08000000 to 0x081fffff] { ro };
"P2":  place in [from 0x20000000 to 0x2002ffff] { rw, block CSTACK, block HEAP };

  Section             Kind        Address    Size  Object
  -------             ----        -------    ----  ------
"A1":                                       0x1ac
  .intvec             ro code  0x08000000   0x1ac  startup_stm32f429xx.o [1]
                             - 0x080001ac   0x1ac

"P1":                                      0x3124
  .text               ro code  0x080001ac  0x1106  xprintffull.o [3]
  .text               ro code  0x080012b2    0x20  xmbtowc.o [3]
  .text               ro code  0x080012d2    0x22  zero_init3.o [5]
  .text               ro code  0x080012f4    0x16  strchr.o [5]
  .text               ro code  0x0800130a     0xa  xsprout.o [3]
  .text               ro code  0x08001314    0x36  strlen.o [5]
  .text               ro code  0x0800134c    0x58  memchr.o [5]
  .text               ro code  0x080013a4     0xa  xmbcurmax.o [3]
  .text               ro code  0x080013b0    0xb4  xxmemxmalloc.o [3]
  .text               ro code  0x08001464    0x1a  xwctomb.o [3]
  .text               ro code  0x08001480    0x76  ABImemcpy_unaligned.o [5]
  .text               ro code  0x080014f8    0x80  xxmemxfree.o [3]
  .text               ro code  0x08001578    0xee  I64DivMod.o [5]
  .text               ro code  0x08001668   0x1a2  DblMul.o [4]
  .text               ro code  0x0800180a    0x42  xdnorm.o [4]
  .text               ro code  0x0800184c    0x2e  DblCmpLe.o [4]
  .text               ro code  0x0800187c    0x2e  DblCmpGe.o [4]
  .text               ro code  0x080018ac   0x114  xdscale.o [4]
  .text               ro code  0x080019c0    0x58  DblToI32.o [4]
  .text               ro code  0x08001a18    0x30  I32ToDbl.o [4]
  .text               ro code  0x08001a48   0x180  DblSub.o [4]
  .text               ro code  0x08001bc8   0x246  DblDiv.o [4]
  .text               ro code  0x08001e10    0x6c  localeconv.o [3]
  .text               ro code  0x08001e7c     0xe  div.o [3]
  .text               ro code  0x08001e8c    0x14  setlocale.o [3]
  .text               ro code  0x08001ea0    0x60  xencoding_sb.o [3]
  .text               ro code  0x08001f00    0x2c  xgetmemchunk.o [3]
  .text               ro code  0x08001f2c     0x2  I64DivZer.o [5]
  .text               ro code  0x08001f30    0xd4  DblAdd.o [4]
  .text               ro code  0x08002004     0x2  xtls.o [3]
  .text               ro code  0x08002008   0x460  stm32f4xx_hal_rcc.o [1]
  .text               ro code  0x08002468    0xac  stm32f4xx_hal.o [1]
  .text               ro code  0x08002514    0xde  stm32f4xx_hal_cortex.o [1]
  .text               ro code  0x080025f4    0xb4  stm32f4xx_hal_msp.o [1]
  .text               ro code  0x080026a8   0x1f0  stm32f4xx_hal_gpio.o [1]
  .text               ro code  0x08002898   0x3d8  stm32f4xx_hal_uart.o [1]
  .text               ro code  0x08002c70   0x200  main.o [1]
  .text               ro code  0x08002e70    0x34  sprintf.o [3]
  .text               ro code  0x08002ea4    0x78  stm32f4xx_hal_pwr_ex.o [1]
  .text               ro code  0x08002f1c    0xd4  packbits_init.o [5]
  .text               ro code  0x08002ff0     0x6  abort.o [3]
  .text               ro code  0x08002ff8    0x14  exit.o [6]
  .text               ro code  0x0800300c    0x60  system_stm32f4xx.o [1]
  .text               ro code  0x0800306c    0x28  data_init.o [5]
  .iar.init_table     const    0x08003094    0x2c  - Linker created -
  .text               ro code  0x080030c0    0x1e  stm32f4xx_it.o [1]
  .text               ro code  0x080030e0    0x1a  fpinit_M.o [4]
  .text               ro code  0x080030fc    0x1a  cmain.o [5]
  .text               ro code  0x08003116     0x4  low_level_init.o [3]
  .text               ro code  0x0800311a     0x4  exit.o [3]
  .text               ro code  0x08003120     0xa  cexit.o [5]
  .text               ro code  0x0800312c    0x10  startup_stm32f429xx.o [1]
  .text               ro code  0x0800313c     0xc  cstartup_M.o [5]
  .rodata             const    0x08003148     0x8  system_stm32f4xx.o [1]
  .text               ro code  0x08003150     0x4  startup_stm32f429xx.o [1]
  .text               ro code  0x08003154     0x4  startup_stm32f429xx.o [1]
  .text               ro code  0x08003158     0x4  startup_stm32f429xx.o [1]
  .text               ro code  0x0800315c     0x4  startup_stm32f429xx.o [1]
  .text               ro code  0x08003160     0x4  startup_stm32f429xx.o [1]
  .text               ro code  0x08003164     0x4  startup_stm32f429xx.o [1]
  .text               ro code  0x08003168     0x4  startup_stm32f429xx.o [1]
  .text               ro code  0x0800316c     0x4  startup_stm32f429xx.o [1]
  .text               ro code  0x08003170     0x4  startup_stm32f429xx.o [1]
  .text               ro code  0x08003174     0x4  startup_stm32f429xx.o [1]
  .text               ro code  0x08003178     0x4  startup_stm32f429xx.o [1]
  .text               ro code  0x0800317c     0x4  startup_stm32f429xx.o [1]
  .text               ro code  0x08003180     0x4  startup_stm32f429xx.o [1]
  .text               ro code  0x08003184     0x4  startup_stm32f429xx.o [1]
  .text               ro code  0x08003188     0x4  startup_stm32f429xx.o [1]
  .text               ro code  0x0800318c     0x4  startup_stm32f429xx.o [1]
  .text               ro code  0x08003190     0x4  startup_stm32f429xx.o [1]
  .text               ro code  0x08003194     0x4  startup_stm32f429xx.o [1]
  .text               ro code  0x08003198     0x4  startup_stm32f429xx.o [1]
  .text               ro code  0x0800319c     0x4  startup_stm32f429xx.o [1]
  .text               ro code  0x080031a0     0x4  startup_stm32f429xx.o [1]
  .text               ro code  0x080031a4     0x4  startup_stm32f429xx.o [1]
  .text               ro code  0x080031a8     0x4  startup_stm32f429xx.o [1]
  .text               ro code  0x080031ac     0x4  startup_stm32f429xx.o [1]
  .text               ro code  0x080031b0     0x4  startup_stm32f429xx.o [1]
  .text               ro code  0x080031b4     0x4  startup_stm32f429xx.o [1]
  .text               ro code  0x080031b8     0x4  startup_stm32f429xx.o [1]
  .text               ro code  0x080031bc     0x4  startup_stm32f429xx.o [1]
  .text               ro code  0x080031c0     0x4  startup_stm32f429xx.o [1]
  .text               ro code  0x080031c4     0x4  startup_stm32f429xx.o [1]
  .text               ro code  0x080031c8     0x4  startup_stm32f429xx.o [1]
  .text               ro code  0x080031cc     0x4  startup_stm32f429xx.o [1]
  .text               ro code  0x080031d0     0x4  startup_stm32f429xx.o [1]
  .text               ro code  0x080031d4     0x4  startup_stm32f429xx.o [1]
  .text               ro code  0x080031d8     0x4  startup_stm32f429xx.o [1]
  .text               ro code  0x080031dc     0x4  startup_stm32f429xx.o [1]
  .text               ro code  0x080031e0     0x4  startup_stm32f429xx.o [1]
  .text               ro code  0x080031e4     0x4  startup_stm32f429xx.o [1]
  .text               ro code  0x080031e8     0x4  startup_stm32f429xx.o [1]
  .text               ro code  0x080031ec     0x4  startup_stm32f429xx.o [1]
  .text               ro code  0x080031f0     0x4  startup_stm32f429xx.o [1]
  .text               ro code  0x080031f4     0x4  startup_stm32f429xx.o [1]
  .text               ro code  0x080031f8     0x4  startup_stm32f429xx.o [1]
  .text               ro code  0x080031fc     0x4  startup_stm32f429xx.o [1]
  .text               ro code  0x08003200     0x4  startup_stm32f429xx.o [1]
  .text               ro code  0x08003204     0x4  startup_stm32f429xx.o [1]
  .text               ro code  0x08003208     0x4  startup_stm32f429xx.o [1]
  .text               ro code  0x0800320c     0x4  startup_stm32f429xx.o [1]
  .text               ro code  0x08003210     0x4  startup_stm32f429xx.o [1]
  .text               ro code  0x08003214     0x4  startup_stm32f429xx.o [1]
  .text               ro code  0x08003218     0x4  startup_stm32f429xx.o [1]
  .text               ro code  0x0800321c     0x4  startup_stm32f429xx.o [1]
  .text               ro code  0x08003220     0x4  startup_stm32f429xx.o [1]
  .text               ro code  0x08003224     0x4  startup_stm32f429xx.o [1]
  .text               ro code  0x08003228     0x4  startup_stm32f429xx.o [1]
  .text               ro code  0x0800322c     0x4  startup_stm32f429xx.o [1]
  .text               ro code  0x08003230     0x4  startup_stm32f429xx.o [1]
  .text               ro code  0x08003234     0x4  startup_stm32f429xx.o [1]
  .text               ro code  0x08003238     0x4  startup_stm32f429xx.o [1]
  .text               ro code  0x0800323c     0x4  startup_stm32f429xx.o [1]
  .text               ro code  0x08003240     0x4  startup_stm32f429xx.o [1]
  .text               ro code  0x08003244     0x4  startup_stm32f429xx.o [1]
  .text               ro code  0x08003248     0x4  startup_stm32f429xx.o [1]
  .text               ro code  0x0800324c     0x4  startup_stm32f429xx.o [1]
  .text               ro code  0x08003250     0x4  startup_stm32f429xx.o [1]
  .text               ro code  0x08003254     0x4  startup_stm32f429xx.o [1]
  .text               ro code  0x08003258     0x4  startup_stm32f429xx.o [1]
  .text               ro code  0x0800325c     0x4  startup_stm32f429xx.o [1]
  .text               ro code  0x08003260     0x4  startup_stm32f429xx.o [1]
  .text               ro code  0x08003264     0x4  startup_stm32f429xx.o [1]
  .text               ro code  0x08003268     0x4  startup_stm32f429xx.o [1]
  .text               ro code  0x0800326c     0x4  startup_stm32f429xx.o [1]
  .text               ro code  0x08003270     0x4  startup_stm32f429xx.o [1]
  .text               ro code  0x08003274     0x4  startup_stm32f429xx.o [1]
  .text               ro code  0x08003278     0x4  startup_stm32f429xx.o [1]
  .text               ro code  0x0800327c     0x4  startup_stm32f429xx.o [1]
  .text               ro code  0x08003280     0x4  startup_stm32f429xx.o [1]
  .text               ro code  0x08003284     0x4  startup_stm32f429xx.o [1]
  .text               ro code  0x08003288     0x4  startup_stm32f429xx.o [1]
  .text               ro code  0x0800328c     0x4  startup_stm32f429xx.o [1]
  .text               ro code  0x08003290     0x4  startup_stm32f429xx.o [1]
  .text               ro code  0x08003294     0x4  startup_stm32f429xx.o [1]
  .text               ro code  0x08003298     0x4  startup_stm32f429xx.o [1]
  .text               ro code  0x0800329c     0x4  startup_stm32f429xx.o [1]
  .text               ro code  0x080032a0     0x4  startup_stm32f429xx.o [1]
  .text               ro code  0x080032a4     0x4  startup_stm32f429xx.o [1]
  .text               ro code  0x080032a8     0x4  startup_stm32f429xx.o [1]
  .text               ro code  0x080032ac     0x4  startup_stm32f429xx.o [1]
  .text               ro code  0x080032b0     0x4  startup_stm32f429xx.o [1]
  .text               ro code  0x080032b4     0x4  startup_stm32f429xx.o [1]
  .rodata             const    0x080032b8     0x0  zero_init3.o [5]
  .rodata             const    0x080032b8     0x0  packbits_init.o [5]
  Initializer bytes   ro data  0x080032b8    0x18  <for P2 s0>
                             - 0x080032d0  0x3124

"P2", part 1 of 3:                          0x10c
  P2 s0                        0x20000000   0x10c  <Init block>
    __DLIB_PERTHREAD  inited   0x20000000    0x88  localeconv.o [3]
    __DLIB_PERTHREAD  inited   0x20000088    0x74  setlocale.o [3]
    .data             inited   0x200000fc     0xc  stm32f4xx_hal.o [1]
    .data             inited   0x20000108     0x4  system_stm32f4xx.o [1]
                             - 0x2000010c   0x10c

"P2", part 2 of 3:                           0xbc
  .bss                zero     0x2000010c    0xac  main.o [1]
  .bss                zero     0x200001b8     0x8  xxmemxmalloc.o [3]
  .bss                zero     0x200001c0     0x4  xgetmemchunk.o [3]
                             - 0x200001c4    0xb8

"P2", part 3 of 3:                          0x600
  CSTACK                       0x200001c8   0x400  <Block>
    CSTACK            uninit   0x200001c8   0x400  <Block tail>
  HEAP                         0x200005c8   0x200  <Block>
    HEAP              uninit   0x200005c8   0x200  <Block tail>
                             - 0x200007c8   0x600


*******************************************************************************
*** INIT TABLE
***

          Address     Size
          -------     ----
Zero (__iar_zero_init3)
    1 destination range, total size 0xb8:
          0x2000010c   0xb8

Copy/packbits (__iar_packbits_init3)
    1 source range, total size 0x18 (8% of destination):
          0x080032b8   0x18
    1 destination range, total size 0x10c:
          0x20000000  0x10c



*******************************************************************************
*** MODULE SUMMARY
***

    Module                  ro code  ro data  rw data
    ------                  -------  -------  -------
D:\WAVESHARE_STM32_IAR_DEV\Open429I-C-Demo-Iar\Projects\BleutoothRemoteApplication\BleutoothRemoteApplication\EWARM\BleutoothRemoteApplication\Obj: [1]
    main.o                      512               172
    startup_stm32f429xx.o       804
    stm32f4xx_hal.o             172        1       12
    stm32f4xx_hal_cortex.o      222
    stm32f4xx_hal_gpio.o        496
    stm32f4xx_hal_msp.o         180
    stm32f4xx_hal_pwr_ex.o      120
    stm32f4xx_hal_rcc.o       1 120
    stm32f4xx_hal_uart.o        984
    stm32f4xx_it.o               30
    system_stm32f4xx.o           96        9        4
    -------------------------------------------------
    Total:                    4 736       10      188

command line: [2]
    -------------------------------------------------
    Total:

dl7M_tlf.a: [3]
    abort.o                       6
    div.o                        14
    exit.o                        4
    localeconv.o                108       12      136
    low_level_init.o              4
    setlocale.o                  20       10      116
    sprintf.o                    52
    xencoding_sb.o               96
    xgetmemchunk.o               44                 4
    xmbcurmax.o                  10
    xmbtowc.o                    32
    xprintffull.o             4 358
    xsprout.o                    10
    xtls.o                        2
    xwctomb.o                    26
    xxmemxfree.o                128
    xxmemxmalloc.o              180                 8
    -------------------------------------------------
    Total:                    5 094       22      264

m7M_tlv.a: [4]
    DblAdd.o                    212
    DblCmpGe.o                   46
    DblCmpLe.o                   46
    DblDiv.o                    582
    DblMul.o                    418
    DblSub.o                    384
    DblToI32.o                   88
    I32ToDbl.o                   48
    fpinit_M.o                   26
    xdnorm.o                     66
    xdscale.o                   276
    -------------------------------------------------
    Total:                    2 192

rt7M_tl.a: [5]
    ABImemcpy_unaligned.o       118
    I64DivMod.o                 238
    I64DivZer.o                   2
    cexit.o                      10
    cmain.o                      26
    cstartup_M.o                 12
    data_init.o                  40
    memchr.o                     88
    packbits_init.o             212
    strchr.o                     22
    strlen.o                     54
    zero_init3.o                 34
    -------------------------------------------------
    Total:                      856

shb_l.a: [6]
    exit.o                       20
    -------------------------------------------------
    Total:                       20

    Gaps                         34
    Linker created                        44    1 536
-----------------------------------------------------
    Grand Total:             12 932       76    1 988


*******************************************************************************
*** ENTRY LIST
***

Entry                      Address   Size  Type      Object
-----                      -------   ----  ----      ------
?main                   0x080030fd         Code  Gb  cmain.o [5]
AHBPrescTable           0x0800305c   0x10  Data  Gb  system_stm32f4xx.o [1]
APBPrescTable           0x08003148    0x8  Data  Gb  system_stm32f4xx.o [1]
BusFault_Handler        0x080030c7    0x2  Code  Gb  stm32f4xx_it.o [1]
CSTACK$$Base            0x200001c8          --   Gb  - Linker created -
CSTACK$$Limit           0x200005c8          --   Gb  - Linker created -
DebugMon_Handler        0x080030cd    0x2  Code  Gb  stm32f4xx_it.o [1]
HAL_Delay               0x080024e5   0x22  Code  Wk  stm32f4xx_hal.o [1]
HAL_GPIO_Init           0x080026a9  0x1b4  Code  Gb  stm32f4xx_hal_gpio.o [1]
HAL_GPIO_WritePin       0x0800285d    0x8  Code  Gb  stm32f4xx_hal_gpio.o [1]
HAL_GetTick             0x080024df    0x6  Code  Wk  stm32f4xx_hal.o [1]
HAL_IncTick             0x080024d1    0xe  Code  Wk  stm32f4xx_hal.o [1]
HAL_Init                0x08002469   0x30  Code  Gb  stm32f4xx_hal.o [1]
HAL_InitTick            0x08002499   0x38  Code  Wk  stm32f4xx_hal.o [1]
HAL_MspInit             0x080025f5   0x60  Code  Gb  stm32f4xx_hal_msp.o [1]
HAL_NVIC_SetPriority    0x08002553   0x42  Code  Gb  stm32f4xx_hal_cortex.o [1]
HAL_NVIC_SetPriorityGrouping
                        0x08002539   0x1a  Code  Gb  stm32f4xx_hal_cortex.o [1]
HAL_PWREx_EnableOverDrive
                        0x08002ea5   0x46  Code  Gb  stm32f4xx_hal_pwr_ex.o [1]
HAL_RCC_ClockConfig     0x080022b7  0x10a  Code  Gb  stm32f4xx_hal_rcc.o [1]
HAL_RCC_GetHCLKFreq     0x0800240d    0x6  Code  Gb  stm32f4xx_hal_rcc.o [1]
HAL_RCC_GetPCLK1Freq    0x08002413   0x10  Code  Gb  stm32f4xx_hal_rcc.o [1]
HAL_RCC_GetPCLK2Freq    0x08002423    0xe  Code  Gb  stm32f4xx_hal_rcc.o [1]
HAL_RCC_GetSysClockFreq
                        0x080023c1   0x4c  Code  Wk  stm32f4xx_hal_rcc.o [1]
HAL_RCC_OscConfig       0x08002009  0x2a6  Code  Wk  stm32f4xx_hal_rcc.o [1]
HAL_SYSTICK_CLKSourceConfig
                        0x080025bd   0x14  Code  Gb  stm32f4xx_hal_cortex.o [1]
HAL_SYSTICK_Callback    0x080025f1    0x2  Code  Wk  stm32f4xx_hal_cortex.o [1]
HAL_SYSTICK_Config      0x08002595   0x28  Code  Gb  stm32f4xx_hal_cortex.o [1]
HAL_SYSTICK_IRQHandler  0x080025e9    0x8  Code  Gb  stm32f4xx_hal_cortex.o [1]
HAL_UART_Init           0x08002899   0x30  Code  Gb  stm32f4xx_hal_uart.o [1]
HAL_UART_MspInit        0x08002655   0x46  Code  Gb  stm32f4xx_hal_msp.o [1]
HAL_UART_Receive        0x080029ad   0xb0  Code  Gb  stm32f4xx_hal_uart.o [1]
HAL_UART_Transmit       0x08002905   0xa8  Code  Gb  stm32f4xx_hal_uart.o [1]
HEAP$$Base              0x200005c8          --   Gb  - Linker created -
HEAP$$Limit             0x200007c8          --   Gb  - Linker created -
HardFault_Handler       0x080030c3    0x2  Code  Gb  stm32f4xx_it.o [1]
InStream_Read           0x08002f1d   0x22  Code  Lc  packbits_init.o [5]
MemManage_Handler       0x080030c5    0x2  Code  Gb  stm32f4xx_it.o [1]
NMI_Handler             0x080030c1    0x2  Code  Gb  stm32f4xx_it.o [1]
NVIC_GetPriorityGrouping
                        0x08002515    0xa  Code  Lc  stm32f4xx_hal_cortex.o [1]
NVIC_SetPriority        0x0800251f   0x1a  Code  Lc  stm32f4xx_hal_cortex.o [1]
PendSV_Handler          0x080030cf    0x2  Code  Gb  stm32f4xx_it.o [1]
Region$$Table$$Base     0x08003094          --   Gb  - Linker created -
Region$$Table$$Limit    0x080030c0          --   Gb  - Linker created -
SVC_Handler             0x080030cb    0x2  Code  Gb  stm32f4xx_it.o [1]
SysTick_Handler         0x080030d1    0xe  Code  Gb  stm32f4xx_it.o [1]
SystemClock_Config      0x08002d8d   0xb2  Code  Gb  main.o [1]
SystemCoreClock         0x20000108    0x4  Data  Gb  system_stm32f4xx.o [1]
SystemInit              0x0800300d   0x3a  Code  Gb  system_stm32f4xx.o [1]
UART_SetConfig          0x08002ad3  0x18e  Code  Lc  stm32f4xx_hal_uart.o [1]
UART_WaitOnFlagUntilTimeout
                        0x08002a73   0x60  Code  Lc  stm32f4xx_hal_uart.o [1]
UsageFault_Handler      0x080030c9    0x2  Code  Gb  stm32f4xx_it.o [1]
_EncodingSb_Mbtowc      0x08001ebb   0x30  Code  Gb  xencoding_sb.o [3]
_EncodingSb_Wctomb      0x08001ea1   0x1a  Code  Gb  xencoding_sb.o [3]
_GenldFull              0x08001021  0x24a  Code  Lc  xprintffull.o [3]
_IsdstStr               0x2000008c    0x4  Data  Gb  setlocale.o [3]
_LdtobFull              0x08000c95  0x386  Code  Lc  xprintffull.o [3]
_LitobFull              0x08000b43  0x106  Code  Lc  xprintffull.o [3]
_LocaleEncoding         0x08001e8d    0xe  Code  Gb  setlocale.o [3]
_LocaleReturnString     0x200000ac   0x50  Data  Lc  setlocale.o [3]
_Locale_Profile         0x20000090   0x1c  Data  Gb  setlocale.o [3]
_Locale_aeabi_lconv     0x20000050   0x38  Data  Gb  localeconv.o [3]
_Locale_lconv           0x20000000   0x50  Data  Gb  localeconv.o [3]
_Mbtowc                 0x080012b3   0x20  Code  Gb  xmbtowc.o [3]
_PrintfFull             0x080001ad  0x67c  Code  Gb  xprintffull.o [3]
_PutcharsFull           0x0800126b   0x2e  Code  Lc  xprintffull.o [3]
_PutstrFull             0x08000841  0x2fc  Code  Lc  xprintffull.o [3]
_SProut                 0x0800130b    0xa  Code  Gb  xsprout.o [3]
_TzoneStr               0x20000088    0x4  Data  Gb  setlocale.o [3]
_Wctomb                 0x08001465   0x1a  Code  Gb  xwctomb.o [3]
__aeabi_cdcmple         0x0800184d         Code  Gb  DblCmpLe.o [4]
__aeabi_cdrcmple        0x0800187d         Code  Gb  DblCmpGe.o [4]
__aeabi_d2iz            0x080019c1         Code  Gb  DblToI32.o [4]
__aeabi_d2uiz           0x080019ed         Code  Gb  DblToI32.o [4]
__aeabi_ddiv            0x08001bc9         Code  Gb  DblDiv.o [4]
__aeabi_dmul            0x08001669         Code  Gb  DblMul.o [4]
__aeabi_dsub            0x08001a49         Code  Gb  DblSub.o [4]
__aeabi_i2d             0x08001a19         Code  Gb  I32ToDbl.o [4]
__aeabi_ldiv0           0x08001f2d         Code  Gb  I64DivZer.o [5]
__aeabi_ui2d            0x08001a2d         Code  Gb  I32ToDbl.o [4]
__aeabi_uldivmod        0x08001579         Code  Gb  I64DivMod.o [5]
__cmain                 0x080030fd         Code  Gb  cmain.o [5]
__data_Aldata           0x200001b8    0x8  Data  Gb  xxmemxmalloc.o [3]
__data_GetMemChunk      0x08001f01   0x2c  Code  Gb  xgetmemchunk.o [3]
__exit                  0x08002ff9   0x14  Code  Gb  exit.o [6]
__iar_Dnorm             0x0800180b   0x42  Code  Gb  xdnorm.o [4]
__iar_Dscale            0x080018ad  0x114  Code  Gb  xdscale.o [4]
__iar_Locale_lconv_init
                        0x08001e11   0x3a  Code  Gb  localeconv.o [3]
__iar_Mbcurmax          0x080013a5    0xa  Code  Gb  xmbcurmax.o [3]
__iar_Memchr            0x0800134d         Code  Gb  memchr.o [5]
__iar_Strchr            0x080012f5         Code  Gb  strchr.o [5]
__iar_d2uiz             0x080019f9         Code  Gb  DblToI32.o [4]
__iar_dadd              0x08001f31         Code  Gb  DblAdd.o [4]
__iar_data_init3        0x0800306d   0x28  Code  Gb  data_init.o [5]
__iar_dlib_perthread_access
                        0x08002005    0x2  Code  Gb  xtls.o [3]
__iar_dsub              0x08001a5d         Code  Gb  DblSub.o [4]
__iar_dsubStart         0x08001a6f         Code  Gb  DblSub.o [4]
__iar_init_vfp          0x080030e1         Code  Gb  fpinit_M.o [4]
__iar_packbits_init3    0x08002f3f   0xb2  Code  Gb  packbits_init.o [5]
__iar_program_start     0x0800313d         Code  Gb  cstartup_M.o [5]
__iar_ui2d              0x08001a31         Code  Gb  I32ToDbl.o [4]
__iar_unaligned___aeabi_memcpy
                        0x08001481         Code  Gb  ABImemcpy_unaligned.o [5]
__iar_unaligned___aeabi_memcpy4
                        0x080014a1         Code  Gb  ABImemcpy_unaligned.o [5]
__iar_unaligned___aeabi_memcpy8
                        0x080014a1         Code  Gb  ABImemcpy_unaligned.o [5]
__iar_zero_init3        0x080012d3   0x22  Code  Gb  zero_init3.o [5]
__low_level_init        0x08003117    0x4  Code  Gb  low_level_init.o [3]
__vector_table          0x08000000         Data  Gb  startup_stm32f429xx.o [1]
_call_main              0x08003109         Code  Gb  cmain.o [5]
_exit                   0x08003121         Code  Gb  cexit.o [5]
_main                   0x08003113         Code  Gb  cmain.o [5]
abort                   0x08002ff1    0x6  Code  Gb  abort.o [3]
div                     0x08001e7d    0xe  Code  Gb  div.o [3]
exit                    0x0800311b    0x4  Code  Gb  exit.o [3]
free                    0x080014f9   0x7a  Code  Gb  xxmemxfree.o [3]
huart2                  0x20000144   0x40  Data  Gb  main.o [1]
ledState                0x20000140    0x1  Data  Gb  main.o [1]
localeconv              0x08001e4b   0x16  Code  Gb  localeconv.o [3]
main                    0x08002c71   0xfe  Code  Gb  main.o [1]
malloc                  0x080013b1   0xae  Code  Gb  xxmemxmalloc.o [3]
memchr                  0x0800134d         Code  Gb  memchr.o [5]
rxBuffer                0x2000010c   0x34  Data  Gb  main.o [1]
scale                   0x08000c49   0x46  Code  Lc  xprintffull.o [3]
sprintf                 0x08002e71   0x34  Code  Gb  sprintf.o [3]
strchr                  0x080012f5         Code  Gb  strchr.o [5]
strlen                  0x08001315         Code  Gb  strlen.o [5]
txBuffer                0x20000184   0x34  Data  Gb  main.o [1]
uwTick                  0x20000100    0x4  Data  Gb  stm32f4xx_hal.o [1]
uwTickFreq              0x200000fc    0x1  Data  Gb  stm32f4xx_hal.o [1]
uwTickPrio              0x20000104    0x4  Data  Gb  stm32f4xx_hal.o [1]


[1] = D:\WAVESHARE_STM32_IAR_DEV\Open429I-C-Demo-Iar\Projects\BleutoothRemoteApplication\BleutoothRemoteApplication\EWARM\BleutoothRemoteApplication\Obj
[2] = command line
[3] = dl7M_tlf.a
[4] = m7M_tlv.a
[5] = rt7M_tl.a
[6] = shb_l.a

  12 932 bytes of readonly  code memory
      76 bytes of readonly  data memory
   1 988 bytes of readwrite data memory

Errors: none
Warnings: none
